positive_count=9105190 size_ok=True
hard_magic=0x3843454c4c533031 hard_count=1049187 size_ok=True
certificate_count=1049187 size_ok=True
failure_count=0 size=8
hard_by_k={2: 59358, 3: 258574, 4: 413323, 5: 258574, 6: 59358}
cert_by_k_type={(2, 0): 59350, (2, 1): 8, (3, 0): 258572, (3, 1): 2, (4, 0): 413323, (5, 0): 258574, (6, 0): 59358}
bad_type=0 bad_reserved=0
PASS independent binary layout, ordered record-bijection, and budget census audit
	Command being timed: "python3 scripts/independent_m8_binary_audit.py"
	User time (seconds): 2.66
	System time (seconds): 0.27
	Percent of CPU this job got: 107%
	Elapsed (wall clock) time (h:mm:ss or m:ss): 0:02.74
	Average shared text size (kbytes): 0
	Average unshared data size (kbytes): 0
	Average stack size (kbytes): 0
	Average total size (kbytes): 0
	Maximum resident set size (kbytes): 109996
	Average resident set size (kbytes): 0
	Major (requiring I/O) page faults: 0
	Minor (reclaiming a frame) page faults: 20553
	Voluntary context switches: 12
	Involuntary context switches: 89
	Swaps: 0
	File system inputs: 0
	File system outputs: 8
	Socket messages sent: 0
	Socket messages received: 0
	Signals delivered: 0
	Page size (bytes): 4096
	Exit status: 0
