PASS n=8 release regressions: smoke destination, m=7 domain validation,
proposal non-identity, and SHA-256-bound resume
	Command being timed: "./scripts/test_n8_release_regressions.sh"
	User time (seconds): 48.60
	System time (seconds): 3.08
	Percent of CPU this job got: 106%
	Elapsed (wall clock) time (h:mm:ss or m:ss): 0:48.60
	Average shared text size (kbytes): 0
	Average unshared data size (kbytes): 0
	Average stack size (kbytes): 0
	Average total size (kbytes): 0
	Maximum resident set size (kbytes): 653700
	Average resident set size (kbytes): 0
	Major (requiring I/O) page faults: 0
	Minor (reclaiming a frame) page faults: 1599070
	Voluntary context switches: 603
	Involuntary context switches: 1709
	Swaps: 0
	File system inputs: 0
	File system outputs: 13408
	Socket messages sent: 0
	Socket messages received: 0
	Signals delivered: 0
	Page size (bytes): 4096
	Exit status: 0

Exit status: 0
